warning: Implied save feature
 --> tests/../integration_tests/associate_03.f90:4:5
  |
4 |     integer, pointer :: p1
  |     ^^^^^^^^^^^^^^^^^^^^^^ Assuming save attribute implicitly for variables

warning: Implied save feature
 --> tests/../integration_tests/associate_03.f90:5:5
  |
5 |     integer, target :: t1 = 2, t2 = 1
  |     ^^^^^^^^^^^^^^^^^^^^^^^^^^^^^^^^^ Assuming save attribute implicitly for variables

warning: Implied save feature
 --> tests/../integration_tests/associate_03.f90:5:5
  |
5 |     integer, target :: t1 = 2, t2 = 1
  |     ^^^^^^^^^^^^^^^^^^^^^^^^^^^^^^^^^ Assuming save attribute implicitly for variables

warning: Implied save feature
 --> tests/../integration_tests/associate_03.f90:6:5
  |
6 |     integer :: i
  |     ^^^^^^^^^^^^ Assuming save attribute implicitly for variables
