warning: Implied save feature
 --> tests/../integration_tests/submodule_02.f90:6:1
  |
6 | public rkind1, int32
  | ^^^^^^^^^^^^^^^^^^^^ Assuming save attribute implicitly for variables

warning: Implied save feature
 --> tests/../integration_tests/submodule_02.f90:6:1
  |
6 | public rkind1, int32
  | ^^^^^^^^^^^^^^^^^^^^ Assuming save attribute implicitly for variables

warning: Implied save feature
  --> tests/../integration_tests/submodule_02.f90:14:6
   |
14 |      real :: x, y
   |      ^^^^^^^^^^^^ Assuming save attribute implicitly for variables

warning: Implied save feature
  --> tests/../integration_tests/submodule_02.f90:14:6
   |
14 |      real :: x, y
   |      ^^^^^^^^^^^^ Assuming save attribute implicitly for variables

warning: Implied save feature
  --> tests/../integration_tests/submodule_02.f90:19:8
   |
19 |        type(point), intent(in) :: a, b
   |        ^^^^^^^^^^^^^^^^^^^^^^^^^^^^^^^ Assuming save attribute implicitly for variables

warning: Implied save feature
  --> tests/../integration_tests/submodule_02.f90:19:8
   |
19 |        type(point), intent(in) :: a, b
   |        ^^^^^^^^^^^^^^^^^^^^^^^^^^^^^^^ Assuming save attribute implicitly for variables

warning: Implied save feature
  --> tests/../integration_tests/submodule_02.f90:20:8
   |
20 |        real(rkind) :: distance
   |        ^^^^^^^^^^^^^^^^^^^^^^^ Assuming save attribute implicitly for variables

warning: Implied save feature
  --> tests/../integration_tests/submodule_02.f90:26:8
   |
26 |        type(point), intent(in) :: a, b
   |        ^^^^^^^^^^^^^^^^^^^^^^^^^^^^^^^ Assuming save attribute implicitly for variables

warning: Implied save feature
  --> tests/../integration_tests/submodule_02.f90:26:8
   |
26 |        type(point), intent(in) :: a, b
   |        ^^^^^^^^^^^^^^^^^^^^^^^^^^^^^^^ Assuming save attribute implicitly for variables

warning: Implied save feature
  --> tests/../integration_tests/submodule_02.f90:27:8
   |
27 |        real(rkind), intent(out) :: distance
   |        ^^^^^^^^^^^^^^^^^^^^^^^^^^^^^^^^^^^^ Assuming save attribute implicitly for variables

warning: Implied save feature
  --> tests/../integration_tests/submodule_02.f90:35:5
   |
35 |     type(point), intent(in) :: a, b
   |     ^^^^^^^^^^^^^^^^^^^^^^^^^^^^^^^ Assuming save attribute implicitly for variables

warning: Implied save feature
  --> tests/../integration_tests/submodule_02.f90:35:5
   |
35 |     type(point), intent(in) :: a, b
   |     ^^^^^^^^^^^^^^^^^^^^^^^^^^^^^^^ Assuming save attribute implicitly for variables

warning: Implied save feature
  --> tests/../integration_tests/submodule_02.f90:36:5
   |
36 |     real(rkind) :: distance
   |     ^^^^^^^^^^^^^^^^^^^^^^^ Assuming save attribute implicitly for variables

warning: Implied save feature
  --> tests/../integration_tests/submodule_02.f90:41:5
   |
41 |     type(point), intent(in) :: a, b
   |     ^^^^^^^^^^^^^^^^^^^^^^^^^^^^^^^ Assuming save attribute implicitly for variables

warning: Implied save feature
  --> tests/../integration_tests/submodule_02.f90:41:5
   |
41 |     type(point), intent(in) :: a, b
   |     ^^^^^^^^^^^^^^^^^^^^^^^^^^^^^^^ Assuming save attribute implicitly for variables

warning: Implied save feature
  --> tests/../integration_tests/submodule_02.f90:42:5
   |
42 |     real(rkind), intent(out) :: distance
   |     ^^^^^^^^^^^^^^^^^^^^^^^^^^^^^^^^^^^^ Assuming save attribute implicitly for variables
