warning: Implied save feature
 --> tests/derived_type1.f90:4:5
  |
4 |     integer, public, parameter :: tfc = selected_char_kind('DEFAULT')
  |     ^^^^^^^^^^^^^^^^^^^^^^^^^^^^^^^^^^^^^^^^^^^^^^^^^^^^^^^^^^^^^^^^^ Assuming save attribute implicitly for variables

warning: Implied save feature
 --> tests/derived_type1.f90:7:9
  |
7 |         character(len=1, kind=tfc) :: newline = achar(10, kind=tfc)
  |         ^^^^^^^^^^^^^^^^^^^^^^^^^^^^^^^^^^^^^^^^^^^^^^^^^^^^^^^^^^^ Assuming save attribute implicitly for variables

warning: Implied save feature
  --> tests/derived_type1.f90:10:5
   |
10 |     type(enum_escape), public, parameter :: toml_escape = enum_escape()
   |     ^^^^^^^^^^^^^^^^^^^^^^^^^^^^^^^^^^^^^^^^^^^^^^^^^^^^^^^^^^^^^^^^^^^ Assuming save attribute implicitly for variables

warning: Implied save feature
  --> tests/derived_type1.f90:11:5 - 12:33
   |
11 |        character(kind=tfc, len=*), public, parameter :: nl = &
   |        ^^^^^^^^^^^^^^^^^^^^^^^^^^^^^^^^^^^^^^^^^^^^^^^^^^^^^^^...
...
   |
12 |            &' '//toml_escape%newline
   | ...^^^^^^^^^^^^^^^^^^^^^^^^^^^^^^^^^ Assuming save attribute implicitly for variables
