warning: Implied save feature
 --> tests/scopes1.f90:3:1
  |
3 | integer :: i, j
  | ^^^^^^^^^^^^^^^ Assuming save attribute implicitly for variables

warning: Implied save feature
 --> tests/scopes1.f90:3:1
  |
3 | integer :: i, j
  | ^^^^^^^^^^^^^^^ Assuming save attribute implicitly for variables

warning: Implied save feature
  --> tests/scopes1.f90:10:5
   |
10 |     integer, intent(out) :: b
   |     ^^^^^^^^^^^^^^^^^^^^^^^^^ Assuming save attribute implicitly for variables
