(TranslationUnit
    (SymbolTable
        1
        {
            xerror:
                (Function
                    (SymbolTable
                        2
                        {
                            mess:
                                (Variable
                                    2
                                    mess
                                    []
                                    Unspecified
                                    ()
                                    ()
                                    Default
                                    (Character 1 1 () [])
                                    Source
                                    Public
                                    Required
                                    .false.
                                )
                        })
                    xerror
                    []
                    [(Var 2 mess)]
                    [(Print
                        ()
                        [(ArrayItem
                            (Var 2 mess)
                            [(()
                            (IntegerConstant 1 (Integer 4 []))
                            ())]
                            (Character 1 1 () [])
                            ColMajor
                            ()
                        )]
                        ()
                        ()
                    )
                    (Return)]
                    ()
                    Source
                    Public
                    Implementation
                    ()
                    .false.
                    .false.
                    .false.
                    .false.
                    .false.
                    []
                    []
                    .false.
                )
        })
    []
)
