warning: Implied save feature
  --> tests/../integration_tests/subroutines_07.f90:10:9
   |
10 |         integer, intent(in) :: a, d, c
   |         ^^^^^^^^^^^^^^^^^^^^^^^^^^^^^^ Assuming save attribute implicitly for variables

warning: Implied save feature
  --> tests/../integration_tests/subroutines_07.f90:10:9
   |
10 |         integer, intent(in) :: a, d, c
   |         ^^^^^^^^^^^^^^^^^^^^^^^^^^^^^^ Assuming save attribute implicitly for variables

warning: Implied save feature
  --> tests/../integration_tests/subroutines_07.f90:10:9
   |
10 |         integer, intent(in) :: a, d, c
   |         ^^^^^^^^^^^^^^^^^^^^^^^^^^^^^^ Assuming save attribute implicitly for variables

warning: Implied save feature
  --> tests/../integration_tests/subroutines_07.f90:11:9
   |
11 |         integer, intent(in), optional :: kind
   |         ^^^^^^^^^^^^^^^^^^^^^^^^^^^^^^^^^^^^^ Assuming save attribute implicitly for variables

warning: Implied save feature
  --> tests/../integration_tests/subroutines_07.f90:12:9
   |
12 |         integer, intent(out) :: b
   |         ^^^^^^^^^^^^^^^^^^^^^^^^^ Assuming save attribute implicitly for variables

warning: Implied save feature
  --> tests/../integration_tests/subroutines_07.f90:21:5
   |
21 |     integer :: i, j, k, l
   |     ^^^^^^^^^^^^^^^^^^^^^ Assuming save attribute implicitly for variables

warning: Implied save feature
  --> tests/../integration_tests/subroutines_07.f90:21:5
   |
21 |     integer :: i, j, k, l
   |     ^^^^^^^^^^^^^^^^^^^^^ Assuming save attribute implicitly for variables

warning: Implied save feature
  --> tests/../integration_tests/subroutines_07.f90:21:5
   |
21 |     integer :: i, j, k, l
   |     ^^^^^^^^^^^^^^^^^^^^^ Assuming save attribute implicitly for variables

warning: Implied save feature
  --> tests/../integration_tests/subroutines_07.f90:21:5
   |
21 |     integer :: i, j, k, l
   |     ^^^^^^^^^^^^^^^^^^^^^ Assuming save attribute implicitly for variables
