warning: Implied save feature
 --> tests/../integration_tests/forall_01.f90:3:1
  |
3 | integer :: ivec(3), i
  | ^^^^^^^^^^^^^^^^^^^^^ Assuming save attribute implicitly for variables

warning: Implied save feature
 --> tests/../integration_tests/forall_01.f90:3:1
  |
3 | integer :: ivec(3), i
  | ^^^^^^^^^^^^^^^^^^^^^ Assuming save attribute implicitly for variables
