warning: Implied save feature
 --> tests/../integration_tests/rewind_inquire_flush.f90:3:5
  |
3 |     integer :: ios, len, a, b
  |     ^^^^^^^^^^^^^^^^^^^^^^^^^ Assuming save attribute implicitly for variables

warning: Implied save feature
 --> tests/../integration_tests/rewind_inquire_flush.f90:3:5
  |
3 |     integer :: ios, len, a, b
  |     ^^^^^^^^^^^^^^^^^^^^^^^^^ Assuming save attribute implicitly for variables

warning: Implied save feature
 --> tests/../integration_tests/rewind_inquire_flush.f90:3:5
  |
3 |     integer :: ios, len, a, b
  |     ^^^^^^^^^^^^^^^^^^^^^^^^^ Assuming save attribute implicitly for variables

warning: Implied save feature
 --> tests/../integration_tests/rewind_inquire_flush.f90:3:5
  |
3 |     integer :: ios, len, a, b
  |     ^^^^^^^^^^^^^^^^^^^^^^^^^ Assuming save attribute implicitly for variables

warning: Implied save feature
 --> tests/../integration_tests/rewind_inquire_flush.f90:4:5
  |
4 |     character :: fm
  |     ^^^^^^^^^^^^^^^ Assuming save attribute implicitly for variables

warning: Implied save feature
 --> tests/../integration_tests/rewind_inquire_flush.f90:5:5
  |
5 |     logical :: ext
  |     ^^^^^^^^^^^^^^ Assuming save attribute implicitly for variables
