warning: Implied save feature
 --> tests/../integration_tests/arrays_01_size.f90:3:1
  |
3 | integer :: i, a(3), b(4)
  | ^^^^^^^^^^^^^^^^^^^^^^^^ Assuming save attribute implicitly for variables

warning: Implied save feature
 --> tests/../integration_tests/arrays_01_size.f90:3:1
  |
3 | integer :: i, a(3), b(4)
  | ^^^^^^^^^^^^^^^^^^^^^^^^ Assuming save attribute implicitly for variables

warning: Implied save feature
 --> tests/../integration_tests/arrays_01_size.f90:3:1
  |
3 | integer :: i, a(3), b(4)
  | ^^^^^^^^^^^^^^^^^^^^^^^^ Assuming save attribute implicitly for variables

warning: Implied save feature
 --> tests/../integration_tests/arrays_01_size.f90:4:1
  |
4 | integer :: size_a
  | ^^^^^^^^^^^^^^^^^ Assuming save attribute implicitly for variables

warning: Implied save feature
 --> tests/../integration_tests/arrays_01_size.f90:5:1
  |
5 | integer :: size_b
  | ^^^^^^^^^^^^^^^^^ Assuming save attribute implicitly for variables
