warning: Implied save feature
 --> tests/stop.f90:3:1
  |
3 | integer :: x
  | ^^^^^^^^^^^^ Assuming save attribute implicitly for variables
