warning: Implied save feature
  --> tests/../integration_tests/interface_04.f90:11:5
   |
11 |     integer, intent(inout) :: a
   |     ^^^^^^^^^^^^^^^^^^^^^^^^^^^ Assuming save attribute implicitly for variables

warning: Implied save feature
  --> tests/../integration_tests/interface_04.f90:25:1
   |
25 | integer :: i
   | ^^^^^^^^^^^^ Assuming save attribute implicitly for variables
