warning: Implied save feature
 --> tests/../integration_tests/assign_to2.f90:2:1
  |
2 | integer :: i, sum, ZERO
  | ^^^^^^^^^^^^^^^^^^^^^^^ Assuming save attribute implicitly for variables

warning: Implied save feature
 --> tests/../integration_tests/assign_to2.f90:2:1
  |
2 | integer :: i, sum, ZERO
  | ^^^^^^^^^^^^^^^^^^^^^^^ Assuming save attribute implicitly for variables

warning: Implied save feature
 --> tests/../integration_tests/assign_to2.f90:2:1
  |
2 | integer :: i, sum, ZERO
  | ^^^^^^^^^^^^^^^^^^^^^^^ Assuming save attribute implicitly for variables
