warning: Implied save feature
 --> tests/implicit3.f90:8:1
  |
8 | integer :: X(n), Y(m)
  | ^^^^^^^^^^^^^^^^^^^^^ Assuming save attribute implicitly for variables

warning: Implied save feature
 --> tests/implicit3.f90:8:1
  |
8 | integer :: X(n), Y(m)
  | ^^^^^^^^^^^^^^^^^^^^^ Assuming save attribute implicitly for variables
