(TranslationUnit
    (SymbolTable
        1
        {
            main:
                (Program
                    (SymbolTable
                        2
                        {
                            x:
                                (Variable
                                    2
                                    x
                                    []
                                    Local
                                    (Cast
                                        (IntegerConstant 5 (Integer 4 []))
                                        IntegerToReal
                                        (Real 4 [])
                                        (RealConstant
                                            5.000000
                                            (Real 4 [])
                                        )
                                    )
                                    ()
                                    Save
                                    (Real 4 [])
                                    Source
                                    Public
                                    Required
                                    .false.
                                ),
                            y:
                                (Variable
                                    2
                                    y
                                    []
                                    Local
                                    (Cast
                                        (IntegerConstant 5 (Integer 4 []))
                                        IntegerToReal
                                        (Real 4 [])
                                        (RealConstant
                                            5.000000
                                            (Real 4 [])
                                        )
                                    )
                                    ()
                                    Save
                                    (Real 4 [])
                                    Source
                                    Public
                                    Required
                                    .false.
                                )
                        })
                    main
                    []
                    []
                )
        })
    []
)
