warning: Implied save feature
  --> tests/../integration_tests/kwargs_02.f90:16:9
   |
16 |         class(logger_type), intent(inout) :: self
   |         ^^^^^^^^^^^^^^^^^^^^^^^^^^^^^^^^^^^^^^^^^ Assuming save attribute implicitly for variables

warning: Implied save feature
  --> tests/../integration_tests/kwargs_02.f90:17:9
   |
17 |         character(*), intent(in) :: filename
   |         ^^^^^^^^^^^^^^^^^^^^^^^^^^^^^^^^^^^^ Assuming save attribute implicitly for variables

warning: Implied save feature
  --> tests/../integration_tests/kwargs_02.f90:18:9
   |
18 |         integer, intent(out), optional :: unit
   |         ^^^^^^^^^^^^^^^^^^^^^^^^^^^^^^^^^^^^^^ Assuming save attribute implicitly for variables

warning: Implied save feature
  --> tests/../integration_tests/kwargs_02.f90:23:9
   |
23 |         class(logger_type), intent(inout)  :: self
   |         ^^^^^^^^^^^^^^^^^^^^^^^^^^^^^^^^^^^^^^^^^^ Assuming save attribute implicitly for variables

warning: Implied save feature
  --> tests/../integration_tests/kwargs_02.f90:24:9
   |
24 |         integer, intent(in) :: code
   |         ^^^^^^^^^^^^^^^^^^^^^^^^^^^ Assuming save attribute implicitly for variables

warning: Implied save feature
  --> tests/../integration_tests/kwargs_02.f90:25:9
   |
25 |         character(*), intent(in), optional :: filename
   |         ^^^^^^^^^^^^^^^^^^^^^^^^^^^^^^^^^^^^^^^^^^^^^^ Assuming save attribute implicitly for variables

warning: Implied save feature
  --> tests/../integration_tests/kwargs_02.f90:26:9
   |
26 |         integer, intent(out), optional :: unit
   |         ^^^^^^^^^^^^^^^^^^^^^^^^^^^^^^^^^^^^^^ Assuming save attribute implicitly for variables
