(TranslationUnit
    (SymbolTable
        1
        {
            array_02_pack:
                (Program
                    (SymbolTable
                        2
                        {
                            m:
                                (Variable
                                    2
                                    m
                                    []
                                    Local
                                    ()
                                    ()
                                    Default
                                    (Array
                                        (Integer 4)
                                        [((IntegerConstant 1 (Integer 4))
                                        (IntegerConstant 4 (Integer 4)))]
                                        FixedSizeArray
                                    )
                                    ()
                                    Source
                                    Public
                                    Required
                                    .false.
                                ),
                            p:
                                (Variable
                                    2
                                    p
                                    []
                                    Local
                                    ()
                                    ()
                                    Default
                                    (Array
                                        (Integer 4)
                                        [((IntegerConstant 1 (Integer 4))
                                        (IntegerConstant 4 (Integer 4)))]
                                        FixedSizeArray
                                    )
                                    ()
                                    Source
                                    Public
                                    Required
                                    .false.
                                )
                        })
                    array_02_pack
                    []
                    [(Assignment
                        (Var 2 m)
                        (ArrayConstant
                            (Array
                                (Integer 4)
                                [((IntegerConstant 1 (Integer 4))
                                (IntegerConstant 4 (Integer 4)))]
                                FixedSizeArray
                            )
                            ColMajor
                        )
                        ()
                    )
                    (Assignment
                        (Var 2 p)
                        (IntrinsicArrayFunction
                            Pack
                            [(ArrayPhysicalCast
                                (Var 2 m)
                                FixedSizeArray
                                DescriptorArray
                                (Array
                                    (Integer 4)
                                    [((IntegerConstant 1 (Integer 4))
                                    (IntegerConstant 4 (Integer 4)))]
                                    DescriptorArray
                                )
                                ()
                            )
                            (ArrayPhysicalCast
                                (IntegerCompare
                                    (Var 2 m)
                                    NotEq
                                    (IntegerConstant 0 (Integer 4))
                                    (Array
                                        (Logical 4)
                                        [((IntegerConstant 1 (Integer 4))
                                        (IntegerConstant 4 (Integer 4)))]
                                        FixedSizeArray
                                    )
                                    ()
                                )
                                FixedSizeArray
                                DescriptorArray
                                (Array
                                    (Logical 4)
                                    [((IntegerConstant 1 (Integer 4))
                                    (IntegerConstant 4 (Integer 4)))]
                                    DescriptorArray
                                )
                                ()
                            )
                            (ArrayPhysicalCast
                                (ArrayConstant
                                    (Array
                                        (Integer 4)
                                        [((IntegerConstant 1 (Integer 4))
                                        (IntegerConstant 4 (Integer 4)))]
                                        FixedSizeArray
                                    )
                                    ColMajor
                                )
                                FixedSizeArray
                                DescriptorArray
                                (Array
                                    (Integer 4)
                                    [((IntegerConstant 1 (Integer 4))
                                    (IntegerConstant 4 (Integer 4)))]
                                    DescriptorArray
                                )
                                ()
                            )]
                            3
                            (Array
                                (Integer 4)
                                [((IntegerConstant 1 (Integer 4))
                                (IntegerConstant 4 (Integer 4)))]
                                FixedSizeArray
                            )
                            ()
                        )
                        ()
                    )
                    (Print
                        [(Var 2 p)]
                        ()
                        ()
                    )
                    (If
                        (IntrinsicArrayFunction
                            Any
                            [(ArrayPhysicalCast
                                (IntegerCompare
                                    (Var 2 p)
                                    NotEq
                                    (ArrayConstant
                                        (Array
                                            (Integer 4)
                                            [((IntegerConstant 1 (Integer 4))
                                            (IntegerConstant 4 (Integer 4)))]
                                            FixedSizeArray
                                        )
                                        ColMajor
                                    )
                                    (Array
                                        (Logical 4)
                                        [((IntegerConstant 1 (Integer 4))
                                        (IntegerConstant 4 (Integer 4)))]
                                        FixedSizeArray
                                    )
                                    ()
                                )
                                FixedSizeArray
                                DescriptorArray
                                (Array
                                    (Logical 4)
                                    [((IntegerConstant 1 (Integer 4))
                                    (IntegerConstant 4 (Integer 4)))]
                                    DescriptorArray
                                )
                                ()
                            )]
                            0
                            (Logical 4)
                            ()
                        )
                        [(ErrorStop
                            ()
                        )]
                        []
                    )]
                )
        })
    []
)
