(TranslationUnit (SymbolTable 1 {cpp6: (Program (SymbolTable 2 {z12: (Variable 2 z12 Local () () Default (Real 4 []) Source Public Required .false.)}) cpp6 [] [(= (Var 2 z12) (Cast (IntegerConstant 5 (Integer 4 [])) IntegerToReal (Real 4 []) (RealConstant 5.000000 (Real 4 []))) ()) (Print () [(StringConstant "OK" (Character 1 2 () []))] () ())])}) [])
