program expr2
implicit none
integer(4), parameter :: dp = 8

contains

elemental real(8) function dabs(x) result(r)
    real(8), intent(in) :: x
    if (x > 0.0000000000000000d0) then
        r = x
    else
        r = 0.0000000000000000d0 - x
    end if
end function dabs

end program expr2
