warning: Implied save feature
 --> tests/../integration_tests/arrays_02.f90:3:1
  |
3 | integer, parameter :: dp = kind(0.d0)
  | ^^^^^^^^^^^^^^^^^^^^^^^^^^^^^^^^^^^^^ Assuming save attribute implicitly for variables

warning: Implied save feature
 --> tests/../integration_tests/arrays_02.f90:4:1
  |
4 | real(dp) :: a(3), b
  | ^^^^^^^^^^^^^^^^^^^ Assuming save attribute implicitly for variables

warning: Implied save feature
 --> tests/../integration_tests/arrays_02.f90:4:1
  |
4 | real(dp) :: a(3), b
  | ^^^^^^^^^^^^^^^^^^^ Assuming save attribute implicitly for variables
