warning: Implied save feature
 --> tests/../integration_tests/modules_12.f90:3:1
  |
3 | integer :: A(5)
  | ^^^^^^^^^^^^^^^ Assuming save attribute implicitly for variables
