warning: Implied save feature
 --> tests/../integration_tests/intrinsics_02.f90:2:1
  |
2 | real :: x
  | ^^^^^^^^^ Assuming save attribute implicitly for variables
