warning: Implied save feature
 --> tests/../integration_tests/bindc1.f90:3:1
  |
3 | integer, pointer :: x
  | ^^^^^^^^^^^^^^^^^^^^^ Assuming save attribute implicitly for variables

warning: Implied save feature
 --> tests/../integration_tests/bindc1.f90:4:1
  |
4 | type(c_ptr) :: p
  | ^^^^^^^^^^^^^^^^ Assuming save attribute implicitly for variables
