warning: Implied save feature
 --> tests/../integration_tests/intrinsics_03.f90:3:1
  |
3 | real :: x
  | ^^^^^^^^^ Assuming save attribute implicitly for variables

warning: Implied save feature
 --> tests/../integration_tests/intrinsics_03.f90:4:1
  |
4 | real(dp) :: a, r1, r2
  | ^^^^^^^^^^^^^^^^^^^^^ Assuming save attribute implicitly for variables

warning: Implied save feature
 --> tests/../integration_tests/intrinsics_03.f90:4:1
  |
4 | real(dp) :: a, r1, r2
  | ^^^^^^^^^^^^^^^^^^^^^ Assuming save attribute implicitly for variables

warning: Implied save feature
 --> tests/../integration_tests/intrinsics_03.f90:4:1
  |
4 | real(dp) :: a, r1, r2
  | ^^^^^^^^^^^^^^^^^^^^^ Assuming save attribute implicitly for variables
