warning: Implied save feature
 --> tests/../integration_tests/arrays_op_4.f90:6:1
  |
6 | integer :: i, j, k, dim1 = 10, dim2 = 100, dim3 = 1
  | ^^^^^^^^^^^^^^^^^^^^^^^^^^^^^^^^^^^^^^^^^^^^^^^^^^^ Assuming save attribute implicitly for variables

warning: Implied save feature
 --> tests/../integration_tests/arrays_op_4.f90:6:1
  |
6 | integer :: i, j, k, dim1 = 10, dim2 = 100, dim3 = 1
  | ^^^^^^^^^^^^^^^^^^^^^^^^^^^^^^^^^^^^^^^^^^^^^^^^^^^ Assuming save attribute implicitly for variables

warning: Implied save feature
 --> tests/../integration_tests/arrays_op_4.f90:6:1
  |
6 | integer :: i, j, k, dim1 = 10, dim2 = 100, dim3 = 1
  | ^^^^^^^^^^^^^^^^^^^^^^^^^^^^^^^^^^^^^^^^^^^^^^^^^^^ Assuming save attribute implicitly for variables
