warning: Implied save feature
 --> tests/wasm_bind_c.f90:2:5
  |
2 |     integer  , parameter :: i_max    =  600
  |     ^^^^^^^^^^^^^^^^^^^^^^^^^^^^^^^^^^^^^^^ Assuming save attribute implicitly for variables

warning: Implied save feature
 --> tests/wasm_bind_c.f90:3:5
  |
3 |     integer  , parameter :: j_max    =  450
  |     ^^^^^^^^^^^^^^^^^^^^^^^^^^^^^^^^^^^^^^^ Assuming save attribute implicitly for variables

warning: Implied save feature
 --> tests/wasm_bind_c.f90:4:5
  |
4 |     integer :: image_t(j_max, i_max)
  |     ^^^^^^^^^^^^^^^^^^^^^^^^^^^^^^^^ Assuming save attribute implicitly for variables

warning: Implied save feature
 --> tests/wasm_bind_c.f90:7:9
  |
7 |         integer, intent(in) :: n, m
  |         ^^^^^^^^^^^^^^^^^^^^^^^^^^^ Assuming save attribute implicitly for variables

warning: Implied save feature
 --> tests/wasm_bind_c.f90:7:9
  |
7 |         integer, intent(in) :: n, m
  |         ^^^^^^^^^^^^^^^^^^^^^^^^^^^ Assuming save attribute implicitly for variables

warning: Implied save feature
 --> tests/wasm_bind_c.f90:8:9
  |
8 |         integer, intent(in) :: A(n,m)
  |         ^^^^^^^^^^^^^^^^^^^^^^^^^^^^^ Assuming save attribute implicitly for variables
