warning: Implied save feature
 --> tests/../integration_tests/types_01.f90:3:1
  |
3 | real :: r
  | ^^^^^^^^^ Assuming save attribute implicitly for variables
